// Jest Snapshot v1, https://goo.gl/fbAQLP

exports[`Test On NavBar Component render() Should Render NavBar Component 1`] = `
<NavBar>
  <div
    className="makeStyles-root-1"
  >
    <WithStyles(ForwardRef(AppBar))
      position="static"
    >
      <ForwardRef(AppBar)
        classes={
          Object {
            "colorDefault": "MuiAppBar-colorDefault",
            "colorPrimary": "MuiAppBar-colorPrimary",
            "colorSecondary": "MuiAppBar-colorSecondary",
            "positionAbsolute": "MuiAppBar-positionAbsolute",
            "positionFixed": "MuiAppBar-positionFixed",
            "positionRelative": "MuiAppBar-positionRelative",
            "positionStatic": "MuiAppBar-positionStatic",
            "positionSticky": "MuiAppBar-positionSticky",
            "root": "MuiAppBar-root",
          }
        }
        position="static"
      >
        <WithStyles(ForwardRef(Paper))
          className="MuiAppBar-root MuiAppBar-positionStatic MuiAppBar-colorPrimary"
          component="header"
          elevation={4}
          square={true}
        >
          <ForwardRef(Paper)
            className="MuiAppBar-root MuiAppBar-positionStatic MuiAppBar-colorPrimary"
            classes={
              Object {
                "elevation0": "MuiPaper-elevation0",
                "elevation1": "MuiPaper-elevation1",
                "elevation10": "MuiPaper-elevation10",
                "elevation11": "MuiPaper-elevation11",
                "elevation12": "MuiPaper-elevation12",
                "elevation13": "MuiPaper-elevation13",
                "elevation14": "MuiPaper-elevation14",
                "elevation15": "MuiPaper-elevation15",
                "elevation16": "MuiPaper-elevation16",
                "elevation17": "MuiPaper-elevation17",
                "elevation18": "MuiPaper-elevation18",
                "elevation19": "MuiPaper-elevation19",
                "elevation2": "MuiPaper-elevation2",
                "elevation20": "MuiPaper-elevation20",
                "elevation21": "MuiPaper-elevation21",
                "elevation22": "MuiPaper-elevation22",
                "elevation23": "MuiPaper-elevation23",
                "elevation24": "MuiPaper-elevation24",
                "elevation3": "MuiPaper-elevation3",
                "elevation4": "MuiPaper-elevation4",
                "elevation5": "MuiPaper-elevation5",
                "elevation6": "MuiPaper-elevation6",
                "elevation7": "MuiPaper-elevation7",
                "elevation8": "MuiPaper-elevation8",
                "elevation9": "MuiPaper-elevation9",
                "outlined": "MuiPaper-outlined",
                "root": "MuiPaper-root",
                "rounded": "MuiPaper-rounded",
              }
            }
            component="header"
            elevation={4}
            square={true}
          >
            <header
              className="MuiPaper-root MuiAppBar-root MuiAppBar-positionStatic MuiAppBar-colorPrimary MuiPaper-elevation4"
            >
              <WithStyles(ForwardRef(Toolbar))>
                <ForwardRef(Toolbar)
                  classes={
                    Object {
                      "dense": "MuiToolbar-dense",
                      "gutters": "MuiToolbar-gutters",
                      "regular": "MuiToolbar-regular",
                      "root": "MuiToolbar-root",
                    }
                  }
                >
                  <div
                    className="MuiToolbar-root MuiToolbar-regular MuiToolbar-gutters"
                  >
                    <WithStyles(ForwardRef(Typography))
                      className="makeStyles-title-3"
                      variant="h6"
                    >
                      <ForwardRef(Typography)
                        className="makeStyles-title-3"
                        classes={
                          Object {
                            "alignCenter": "MuiTypography-alignCenter",
                            "alignJustify": "MuiTypography-alignJustify",
                            "alignLeft": "MuiTypography-alignLeft",
                            "alignRight": "MuiTypography-alignRight",
                            "body1": "MuiTypography-body1",
                            "body2": "MuiTypography-body2",
                            "button": "MuiTypography-button",
                            "caption": "MuiTypography-caption",
                            "colorError": "MuiTypography-colorError",
                            "colorInherit": "MuiTypography-colorInherit",
                            "colorPrimary": "MuiTypography-colorPrimary",
                            "colorSecondary": "MuiTypography-colorSecondary",
                            "colorTextPrimary": "MuiTypography-colorTextPrimary",
                            "colorTextSecondary": "MuiTypography-colorTextSecondary",
                            "displayBlock": "MuiTypography-displayBlock",
                            "displayInline": "MuiTypography-displayInline",
                            "gutterBottom": "MuiTypography-gutterBottom",
                            "h1": "MuiTypography-h1",
                            "h2": "MuiTypography-h2",
                            "h3": "MuiTypography-h3",
                            "h4": "MuiTypography-h4",
                            "h5": "MuiTypography-h5",
                            "h6": "MuiTypography-h6",
                            "noWrap": "MuiTypography-noWrap",
                            "overline": "MuiTypography-overline",
                            "paragraph": "MuiTypography-paragraph",
                            "root": "MuiTypography-root",
                            "srOnly": "MuiTypography-srOnly",
                            "subtitle1": "MuiTypography-subtitle1",
                            "subtitle2": "MuiTypography-subtitle2",
                          }
                        }
                        variant="h6"
                      >
                        <h6
                          className="MuiTypography-root makeStyles-title-3 MuiTypography-h6"
                        >
                          Barefoot Nomad
                        </h6>
                      </ForwardRef(Typography)>
                    </WithStyles(ForwardRef(Typography))>
                  </div>
                </ForwardRef(Toolbar)>
              </WithStyles(ForwardRef(Toolbar))>
            </header>
          </ForwardRef(Paper)>
        </WithStyles(ForwardRef(Paper))>
      </ForwardRef(AppBar)>
    </WithStyles(ForwardRef(AppBar))>
  </div>
</NavBar>
`;
